// Jest Snapshot v1, https://goo.gl/fbAQLP

exports[`pruebas en firstapp debe de mostrar <Firstapp /> correactamente 1`] = `
<Fragment>
  <p>
    hola soy samuel
  </p>
  <h1 />
</Fragment>
`;
